// Jest Snapshot v1, https://goo.gl/fbAQLP

exports[`Nutrients should match snapshot 1`] = `
<body>
  <div>
    <div
      class="MuiBox-root css-1hf8v5l"
    >
      <span
        class="MuiTypography-root MuiTypography-body1_Bold css-yylahi-MuiTypography-root"
      />
      <div
        class="MuiBox-root css-c2tbbu"
      >
        <span
          class="MuiTypography-root MuiTypography-body1_Bold css-1el569k-MuiTypography-root"
        >
          kcal
        </span>
        <p
          class="MuiTypography-root MuiTypography-body1 css-1k4wxgx-MuiTypography-root"
        >
          316.49
           
        </p>
      </div>
      <div
        class="MuiBox-root css-c2tbbu"
      >
        <span
          class="MuiTypography-root MuiTypography-body1_Bold css-1el569k-MuiTypography-root"
        >
          Fat
        </span>
        <p
          class="MuiTypography-root MuiTypography-body1 css-1k4wxgx-MuiTypography-root"
        >
          12.09
           
          g
        </p>
      </div>
    </div>
  </div>
</body>
`;
