// Jest Snapshot v1, https://goo.gl/fbAQLP

exports[`InfoIcon should match snapshot 1`] = `
<body>
  <div>
    <div
      class="MuiBox-root css-1f0wxn3"
    >
      <svg
        aria-hidden="true"
        class="MuiSvgIcon-root MuiSvgIcon-colorPrimary MuiSvgIcon-fontSizeMedium css-ci5apu-MuiSvgIcon-root"
        data-testid="RestaurantRoundedIcon"
        focusable="false"
        viewBox="0 0 24 24"
      >
        <path
          d="M16 6v6c0 1.1.9 2 2 2h1v7c0 .55.45 1 1 1s1-.45 1-1V3.13c0-.65-.61-1.13-1.24-.98C17.6 2.68 16 4.51 16 6m-5 3H9V3c0-.55-.45-1-1-1s-1 .45-1 1v6H5V3c0-.55-.45-1-1-1s-1 .45-1 1v6c0 2.21 1.79 4 4 4v8c0 .55.45 1 1 1s1-.45 1-1v-8c2.21 0 4-1.79 4-4V3c0-.55-.45-1-1-1s-1 .45-1 1z"
        />
      </svg>
      <span
        class="MuiTypography-root MuiTypography-body1_Bold css-yylahi-MuiTypography-root"
      >
        Serves:
      </span>
      <p
        class="MuiTypography-root MuiTypography-body1 css-4z0fiv-MuiTypography-root"
      >
        4
      </p>
    </div>
  </div>
</body>
`;
