// Jest Snapshot v1, https://goo.gl/fbAQLP

exports[`TagComponent should match snapshot 1`] = `
<body>
  <div>
    <div
      class="MuiBox-root css-0"
    >
      <h6
        class="MuiTypography-root MuiTypography-h6 css-1kx63bm-MuiTypography-root"
      >
        Welcome to TagComponent!
      </h6>
      <div
        class="MuiStack-root css-1dtqmwz-MuiStack-root"
      >
        <div
          class="MuiChip-root MuiChip-filled MuiChip-sizeMedium MuiChip-colorPrimary MuiChip-filledPrimary css-1016kjc-MuiChip-root"
        >
          <span
            class="MuiChip-label MuiChip-labelMedium css-6od3lo-MuiChip-label"
          >
            tag1
          </span>
        </div>
        <div
          class="MuiChip-root MuiChip-filled MuiChip-sizeMedium MuiChip-colorPrimary MuiChip-filledPrimary css-1016kjc-MuiChip-root"
        >
          <span
            class="MuiChip-label MuiChip-labelMedium css-6od3lo-MuiChip-label"
          >
            tag2
          </span>
        </div>
        <div
          class="MuiChip-root MuiChip-filled MuiChip-sizeMedium MuiChip-colorPrimary MuiChip-filledPrimary css-1016kjc-MuiChip-root"
        >
          <span
            class="MuiChip-label MuiChip-labelMedium css-6od3lo-MuiChip-label"
          >
            tag3
          </span>
        </div>
      </div>
    </div>
  </div>
</body>
`;
